Copyright 1986-2022 Xilinx, Inc. All Rights Reserved. Copyright 2022-2025 Advanced Micro Devices, Inc. All Rights Reserved.
---------------------------------------------------------------------------------------------------------------------------------------------
| Tool Version : Vivado v.2025.2 (win64) Build 6299465 Fri Nov 14 19:35:11 GMT 2025
| Date         : Mon Oct  5 10:27:27 2026
| Host         : hp running 64-bit major release  (build 9200)
| Command      : report_control_sets -verbose -file Kyber_Client_control_sets_placed.rpt
| Design       : Kyber_Client
| Device       : xc7a12t
---------------------------------------------------------------------------------------------------------------------------------------------

Control Set Information

Table of Contents
-----------------
1. Summary
2. Histogram
3. Flip-Flop Distribution
4. Detailed Control Set Information

1. Summary
----------

+----------------------------------------------------------+-------+
|                          Status                          | Count |
+----------------------------------------------------------+-------+
| Total control sets                                       |    80 |
|    Minimum number of control sets                        |    80 |
|    Addition due to synthesis replication                 |     0 |
|    Addition due to physical synthesis replication        |     0 |
| Unused register locations in slices containing registers |   126 |
+----------------------------------------------------------+-------+
* Control sets can be merged at opt_design using control_set_merge or merge_equivalent_drivers
** Run report_qor_suggestions for automated merging and remapping suggestions


2. Histogram
------------

+--------------------+-------+
|       Fanout       | Count |
+--------------------+-------+
| Total control sets |    80 |
| >= 0 to < 4        |     1 |
| >= 4 to < 6        |     7 |
| >= 6 to < 8        |     9 |
| >= 8 to < 10       |     5 |
| >= 10 to < 12      |     1 |
| >= 12 to < 14      |     2 |
| >= 14 to < 16      |     1 |
| >= 16              |    54 |
+--------------------+-------+
* Control sets can be remapped at either synth_design or opt_design


3. Flip-Flop Distribution
-------------------------

+--------------+-----------------------+------------------------+-----------------+--------------+
| Clock Enable | Synchronous Set/Reset | Asynchronous Set/Reset | Total Registers | Total Slices |
+--------------+-----------------------+------------------------+-----------------+--------------+
| No           | No                    | No                     |            1100 |          346 |
| No           | No                    | Yes                    |               0 |            0 |
| No           | Yes                   | No                     |              74 |           34 |
| Yes          | No                    | No                     |             674 |          202 |
| Yes          | No                    | Yes                    |               0 |            0 |
| Yes          | Yes                   | No                     |            2130 |          791 |
+--------------+-----------------------+------------------------+-----------------+--------------+


4. Detailed Control Set Information
-----------------------------------

+----------------+------------------------------------------------------------------------------------------------------+------------------------------------------------+------------------+----------------+--------------+
|  Clock Signal  |                                             Enable Signal                                            |                Set/Reset Signal                | Slice Load Count | Bel Load Count | Bels / Slice |
+----------------+------------------------------------------------------------------------------------------------------+------------------------------------------------+------------------+----------------+--------------+
|  clk_IBUF_BUFG |                                                                                                      | ntt/dout1                                      |                1 |              1 |         1.00 |
|  clk_IBUF_BUFG | decode/data_rnd_ctr[0]                                                                               | decode/state_reg[1]_rep__0                     |                1 |              4 |         4.00 |
|  clk_IBUF_BUFG | ntt/ctr_k[3]_i_2_n_0                                                                                 | ntt/ctr_k[3]_i_1_n_0                           |                3 |              4 |         1.33 |
|  clk_IBUF_BUFG |                                                                                                      | ntt/dout[3]_i_1_n_0                            |                1 |              4 |         4.00 |
|  clk_IBUF_BUFG | hash/decode/state[3]_i_1__0_n_0                                                                      | rst_IBUF                                       |                1 |              4 |         4.00 |
|  clk_IBUF_BUFG | hash/hash/FSM/E[0]                                                                                   | keccak_ctr[0]                                  |                1 |              4 |         4.00 |
|  clk_IBUF_BUFG | hash/pad_flag                                                                                        | hash/hash/FSM/FSM_sequential_STATE_reg[0]_0[0] |                1 |              5 |         5.00 |
|  clk_IBUF_BUFG | ntt/ctr_group[4]_i_1_n_0                                                                             |                                                |                2 |              5 |         2.50 |
|  clk_IBUF_BUFG |                                                                                                      | keccak_ctr[0]                                  |                2 |              6 |         3.00 |
|  clk_IBUF_BUFG | ntt/E[0]                                                                                             | rst_IBUF                                       |                4 |              6 |         1.50 |
|  clk_IBUF_BUFG | decode/data_ctr[0]                                                                                   | data_ctr[5]_i_1_n_0                            |                2 |              6 |         3.00 |
|  clk_IBUF_BUFG | hash/hash/RoundFunction/Reg/pad_flag_reg                                                             | hash/squeeze_ctr[5]_i_1_n_0                    |                1 |              6 |         6.00 |
|  clk_IBUF_BUFG |                                                                                                      | ntt/state[4]                                   |                4 |              6 |         1.50 |
|  clk_IBUF_BUFG | ntt/ctr_j[5]_i_2_n_0                                                                                 | ntt/ctr_j[5]_i_1_n_0                           |                1 |              6 |         6.00 |
|  clk_IBUF_BUFG | pad_ctr[5]_i_1_n_0                                                                                   |                                                |                3 |              6 |         2.00 |
|  clk_IBUF_BUFG | ntt/ctr_i[0]                                                                                         |                                                |                4 |              7 |         1.75 |
|  clk_IBUF_BUFG | ntt/raddr_RAM2[6]_i_1_n_0                                                                            |                                                |                3 |              7 |         2.33 |
|  clk_IBUF_BUFG |                                                                                                      | ntt/dout[21]_i_1_n_0                           |                2 |              8 |         4.00 |
|  clk_IBUF_BUFG | hash/hash/FSM/LFSR[7]_i_2_n_0                                                                        | hash/hash/FSM/RESET_LFSR                       |                2 |              8 |         4.00 |
|  clk_IBUF_BUFG | hash/decode/fifo_GENA_ctr_reg[7][0]                                                                  | hash/hash/FSM/SR[0]                            |                2 |              8 |         4.00 |
|  clk_IBUF_BUFG |                                                                                                      | hash/decode/state_r2[3]                        |                5 |              9 |         1.80 |
|  clk_IBUF_BUFG | next_state[0]                                                                                        | rst_IBUF                                       |                7 |              9 |         1.29 |
|  clk_IBUF_BUFG | hash/fifo8/U0/inst_fifo_gen/gconvfifo.rf/grf.rf/gntv_or_sync_fifo.gl0.wr/gwss.wsts/E[0]              | rst_IBUF                                       |                3 |             10 |         3.33 |
|  clk_IBUF_BUFG | hash/fifo2/U0/inst_fifo_gen/gconvfifo.rf/grf.rf/gntv_or_sync_fifo.gl0.wr/gwss.wsts/E[0]              | rst_IBUF                                       |                3 |             12 |         4.00 |
|  clk_IBUF_BUFG | hash/decode/E[0]                                                                                     |                                                |                6 |             12 |         2.00 |
|  clk_IBUF_BUFG | IFIFO/U0/inst_fifo_gen/gconvfifo.rf/grf.rf/gntv_or_sync_fifo.gl0.wr/gwss.wsts/E[0]                   | rst_IBUF                                       |                3 |             14 |         4.67 |
|  clk_IBUF_BUFG | hash/fifo1/U0/inst_fifo_gen/gconvfifo.rf/grf.rf/gntv_or_sync_fifo.gl0.wr/gwss.wsts/E[0]              | rst_IBUF                                       |                4 |             16 |         4.00 |
|  clk_IBUF_BUFG | hash/fifo0/U0/inst_fifo_gen/gconvfifo.rf/grf.rf/gntv_or_sync_fifo.gl0.wr/gwss.wsts/E[0]              | rst_IBUF                                       |                4 |             16 |         4.00 |
|  clk_IBUF_BUFG | DFIFO/U0/inst_fifo_gen/gconvfifo.rf/grf.rf/gntv_or_sync_fifo.gl0.wr/gwss.wsts/E[0]                   | rst_IBUF                                       |                6 |             18 |         3.00 |
|  clk_IBUF_BUFG | OFIFO/U0/inst_fifo_gen/gconvfifo.rf/grf.rf/gntv_or_sync_fifo.gl0.wr/gwss.wsts/E[0]                   | rst_IBUF                                       |                4 |             18 |         4.50 |
|  clk_IBUF_BUFG | hash/fifo1/U0/inst_fifo_gen/gconvfifo.rf/grf.rf/gntv_or_sync_fifo.gl0.wr/wpntr/gpr1.dout_i_reg[21]_0 |                                                |                8 |             32 |         4.00 |
|  clk_IBUF_BUFG | ntt/state_reg[3]_0[0]                                                                                |                                                |               20 |             32 |         1.60 |
|  clk_IBUF_BUFG | hash/fifo1/U0/inst_fifo_gen/gconvfifo.rf/grf.rf/gntv_or_sync_fifo.gl0.wr/wpntr/gpr1.dout_i_reg[21]_2 |                                                |                8 |             32 |         4.00 |
|  clk_IBUF_BUFG | DFIFO/U0/inst_fifo_gen/gconvfifo.rf/grf.rf/gntv_or_sync_fifo.gl0.wr/wpntr/gpr1.dout_i_reg[21]_3      |                                                |                8 |             32 |         4.00 |
|  clk_IBUF_BUFG | hash/fifo1/U0/inst_fifo_gen/gconvfifo.rf/grf.rf/gntv_or_sync_fifo.gl0.wr/wpntr/gpr1.dout_i_reg[21]   |                                                |                8 |             32 |         4.00 |
|  clk_IBUF_BUFG | hash/fifo1/U0/inst_fifo_gen/gconvfifo.rf/grf.rf/gntv_or_sync_fifo.gl0.wr/wpntr/gpr1.dout_i_reg[21]_1 |                                                |                8 |             32 |         4.00 |
|  clk_IBUF_BUFG | DFIFO/U0/inst_fifo_gen/gconvfifo.rf/grf.rf/gntv_or_sync_fifo.gl0.wr/wpntr/gpr1.dout_i_reg[21]_1      |                                                |                8 |             32 |         4.00 |
|  clk_IBUF_BUFG | DFIFO/U0/inst_fifo_gen/gconvfifo.rf/grf.rf/gntv_or_sync_fifo.gl0.wr/wpntr/gpr1.dout_i_reg[21]_2      |                                                |                8 |             32 |         4.00 |
|  clk_IBUF_BUFG | DFIFO/U0/inst_fifo_gen/gconvfifo.rf/grf.rf/gntv_or_sync_fifo.gl0.wr/wpntr/gpr1.dout_i_reg[21]_0      |                                                |                8 |             32 |         4.00 |
|  clk_IBUF_BUFG | DFIFO/U0/inst_fifo_gen/gconvfifo.rf/grf.rf/gntv_or_sync_fifo.gl0.wr/wpntr/gpr1.dout_i_reg[21]_4      |                                                |                8 |             32 |         4.00 |
|  clk_IBUF_BUFG | DFIFO/U0/inst_fifo_gen/gconvfifo.rf/grf.rf/gntv_or_sync_fifo.gl0.wr/wpntr/gpr1.dout_i_reg[21]_6      |                                                |                8 |             32 |         4.00 |
|  clk_IBUF_BUFG | DFIFO/U0/inst_fifo_gen/gconvfifo.rf/grf.rf/gntv_or_sync_fifo.gl0.wr/wpntr/gpr1.dout_i_reg[21]        |                                                |                8 |             32 |         4.00 |
|  clk_IBUF_BUFG | DFIFO/U0/inst_fifo_gen/gconvfifo.rf/grf.rf/gntv_or_sync_fifo.gl0.wr/wpntr/gpr1.dout_i_reg[21]_5      |                                                |                8 |             32 |         4.00 |
|  clk_IBUF_BUFG | hash/hash/FSM/endp_r[0]                                                                              | hash/hash/FSM/start                            |                8 |             35 |         4.38 |
|  clk_IBUF_BUFG | hash/fifo2/U0/inst_fifo_gen/gconvfifo.rf/grf.rf/gntv_or_sync_fifo.gl0.wr/gwss.wsts/E[0]              |                                                |                9 |             36 |         4.00 |
|  clk_IBUF_BUFG | hash/fifo2/U0/inst_fifo_gen/gconvfifo.rf/grf.rf/gntv_or_sync_fifo.gl0.rd/grss.rsts/E[0]              | rst_IBUF                                       |               13 |             37 |         2.85 |
|  clk_IBUF_BUFG | hash/fifo1/U0/inst_fifo_gen/gconvfifo.rf/grf.rf/gntv_or_sync_fifo.gl0.rd/grss.rsts/E[0]              | rst_IBUF                                       |               13 |             40 |         3.08 |
|  clk_IBUF_BUFG |                                                                                                      | rst_IBUF                                       |               19 |             40 |         2.11 |
|  clk_IBUF_BUFG | hash/fifo8/U0/inst_fifo_gen/gconvfifo.rf/grf.rf/gntv_or_sync_fifo.gl0.rd/grss.rsts/E[0]              | rst_IBUF                                       |                8 |             42 |         5.25 |
|  clk_IBUF_BUFG | OFIFO/U0/inst_fifo_gen/gconvfifo.rf/grf.rf/gntv_or_sync_fifo.gl0.wr/wpntr/gpr1.dout_i_reg[33]_5      |                                                |               11 |             44 |         4.00 |
|  clk_IBUF_BUFG | OFIFO/U0/inst_fifo_gen/gconvfifo.rf/grf.rf/gntv_or_sync_fifo.gl0.wr/wpntr/gpr1.dout_i_reg[33]_4      |                                                |               11 |             44 |         4.00 |
|  clk_IBUF_BUFG | OFIFO/U0/inst_fifo_gen/gconvfifo.rf/grf.rf/gntv_or_sync_fifo.gl0.wr/wpntr/gpr1.dout_i_reg[33]_1      |                                                |               11 |             44 |         4.00 |
|  clk_IBUF_BUFG | OFIFO/U0/inst_fifo_gen/gconvfifo.rf/grf.rf/gntv_or_sync_fifo.gl0.wr/wpntr/gpr1.dout_i_reg[33]_3      |                                                |               11 |             44 |         4.00 |
|  clk_IBUF_BUFG | OFIFO/U0/inst_fifo_gen/gconvfifo.rf/grf.rf/gntv_or_sync_fifo.gl0.wr/wpntr/gpr1.dout_i_reg[33]_2      |                                                |               11 |             44 |         4.00 |
|  clk_IBUF_BUFG | OFIFO/U0/inst_fifo_gen/gconvfifo.rf/grf.rf/gntv_or_sync_fifo.gl0.wr/wpntr/gpr1.dout_i_reg[33]        |                                                |               11 |             44 |         4.00 |
|  clk_IBUF_BUFG | OFIFO/U0/inst_fifo_gen/gconvfifo.rf/grf.rf/gntv_or_sync_fifo.gl0.wr/wpntr/gpr1.dout_i_reg[33]_0      |                                                |               11 |             44 |         4.00 |
|  clk_IBUF_BUFG | IFIFO/U0/inst_fifo_gen/gconvfifo.rf/grf.rf/gntv_or_sync_fifo.gl0.wr/gwss.wsts/gpr1.dout_i_reg[0]     |                                                |               11 |             44 |         4.00 |
|  clk_IBUF_BUFG | IFIFO/U0/inst_fifo_gen/gconvfifo.rf/grf.rf/gntv_or_sync_fifo.gl0.wr/gwss.wsts/gpr1.dout_i_reg[31]    |                                                |               11 |             44 |         4.00 |
|  clk_IBUF_BUFG | OFIFO/U0/inst_fifo_gen/gconvfifo.rf/grf.rf/gntv_or_sync_fifo.gl0.wr/wpntr/gpr1.dout_i_reg[33]_6      |                                                |               11 |             44 |         4.00 |
|  clk_IBUF_BUFG | IFIFO/U0/inst_fifo_gen/gconvfifo.rf/grf.rf/gntv_or_sync_fifo.gl0.rd/grss.rsts/E[0]                   | rst_IBUF                                       |               16 |             46 |         2.88 |
|  clk_IBUF_BUFG | hash/fifo0/U0/inst_fifo_gen/gconvfifo.rf/grf.rf/gntv_or_sync_fifo.gl0.wr/wpntr/gpr1.dout_i_reg[33]   |                                                |               12 |             48 |         4.00 |
|  clk_IBUF_BUFG | hash/decode/sftreg[47]_i_1_n_0                                                                       |                                                |               14 |             48 |         3.43 |
|  clk_IBUF_BUFG | DFIFO/U0/inst_fifo_gen/gconvfifo.rf/grf.rf/gntv_or_sync_fifo.gl0.rd/grss.rsts/E[0]                   | rst_IBUF                                       |               23 |             48 |         2.09 |
|  clk_IBUF_BUFG | hash/fifo0/U0/inst_fifo_gen/gconvfifo.rf/grf.rf/gntv_or_sync_fifo.gl0.wr/wpntr/gpr1.dout_i_reg[33]_2 |                                                |               12 |             48 |         4.00 |
|  clk_IBUF_BUFG | hash/fifo0/U0/inst_fifo_gen/gconvfifo.rf/grf.rf/gntv_or_sync_fifo.gl0.wr/wpntr/gpr1.dout_i_reg[33]_1 |                                                |               12 |             48 |         4.00 |
|  clk_IBUF_BUFG | hash/fifo0/U0/inst_fifo_gen/gconvfifo.rf/grf.rf/gntv_or_sync_fifo.gl0.wr/wpntr/gpr1.dout_i_reg[33]_0 |                                                |               12 |             48 |         4.00 |
|  clk_IBUF_BUFG | decode/sftreg[47]_i_1__0_n_0                                                                         |                                                |                9 |             48 |         5.33 |
|  clk_IBUF_BUFG | hash/fifo8/U0/inst_fifo_gen/gconvfifo.rf/grf.rf/gntv_or_sync_fifo.gl0.wr/gwss.wsts/E[0]              |                                                |                6 |             48 |         8.00 |
|  clk_IBUF_BUFG | hash/hash/FSM/endp_r[0]                                                                              |                                                |               15 |             51 |         3.40 |
|  clk_IBUF_BUFG | hash/fifo0/U0/inst_fifo_gen/gconvfifo.rf/grf.rf/gntv_or_sync_fifo.gl0.rd/grss.rsts/E[0]              | rst_IBUF                                       |               22 |             52 |         2.36 |
|  clk_IBUF_BUFG | ntt/valid_reg_0[0]                                                                                   |                                                |               28 |             52 |         1.86 |
|  clk_IBUF_BUFG | OFIFO/U0/inst_fifo_gen/gconvfifo.rf/grf.rf/gntv_or_sync_fifo.gl0.rd/grss.rsts/E[0]                   | rst_IBUF                                       |               25 |             56 |         2.24 |
|  clk_IBUF_BUFG | hash/K[0]                                                                                            |                                                |                4 |             64 |        16.00 |
|  clk_IBUF_BUFG | hash/r[0]                                                                                            |                                                |                4 |             64 |        16.00 |
|  clk_IBUF_BUFG | hash_c_reg[63]_srl7_i_1_n_0                                                                          |                                                |                4 |             64 |        16.00 |
|  clk_IBUF_BUFG | hash_pk_reg[63]_srl7_i_1_n_0                                                                         |                                                |                4 |             64 |        16.00 |
|  clk_IBUF_BUFG | rho_reg[63]_srl7_i_1_n_0                                                                             |                                                |                4 |             64 |        16.00 |
|  clk_IBUF_BUFG | ntt/state_reg[4]_0[0]                                                                                |                                                |               78 |            256 |         3.28 |
|  clk_IBUF_BUFG |                                                                                                      |                                                |              346 |           1206 |         3.49 |
|  clk_IBUF_BUFG | hash/hash/FSM/FSM_sequential_STATE_reg[0]_2[0]                                                       | hash/hash/FSM/FSM_sequential_STATE_reg[1]_1[0] |              610 |           1600 |         2.62 |
+----------------+------------------------------------------------------------------------------------------------------+------------------------------------------------+------------------+----------------+--------------+


