#-----------------------------------------------------------
# Vivado v2025.2 (64-bit)
# SW Build 6299465 on Fri Nov 14 19:35:11 GMT 2025
# IP Build 6300035 on Fri Nov 14 10:48:45 MST 2025
# SharedData Build 6298862 on Thu Nov 13 04:50:51 MST 2025
# Start of session at: Mon Oct  5 10:20:50 2026
# Process ID         : 34052
# Current directory  : C:/IC_Hardware_Trojan/CRYSTALS-Kyber-main/Crystals-kyber/Crystals-kyber.runs/synth_2
# Command line       : vivado.exe -log Kyber_Client.vds -product Vivado -mode batch -messageDb vivado.pb -notrace -source Kyber_Client.tcl
# Log file           : C:/IC_Hardware_Trojan/CRYSTALS-Kyber-main/Crystals-kyber/Crystals-kyber.runs/synth_2/Kyber_Client.vds
# Journal file       : C:/IC_Hardware_Trojan/CRYSTALS-Kyber-main/Crystals-kyber/Crystals-kyber.runs/synth_2\vivado.jou
# Running On         : hp
# Platform           : Windows Server 2016 or Windows 10
# Operating System   : 26200
# Processor Detail   : 13th Gen Intel(R) Core(TM) i3-1315U
# CPU Frequency      : 2496 MHz
# CPU Physical cores : 6
# CPU Logical cores  : 8
# Host memory        : 8265 MB
# Swap memory        : 11274 MB
# Total Virtual      : 19540 MB
# Available Virtual  : 9586 MB
#-----------------------------------------------------------
source Kyber_Client.tcl -notrace
